// Jest Snapshot v1, https://goo.gl/fbAQLP

exports[`Processing renders Processing component 1`] = `
<DocumentFragment>
  <div
    class="processing-page"
  >
    <span
      class="stx-loading-spinner processing-spinner"
    />
    <h1
      class="section__title processing-title"
    >
      processing.order
    </h1>
    <div
      class="processing-content"
    >
      <p>
        processing.description
      </p>
    </div>
  </div>
</DocumentFragment>
`;
