// Jest Snapshot v1, https://goo.gl/fbAQLP

exports[`IndexPage renders IndexPage component 1`] = `
<DocumentFragment>
  <div
    class="Sidebar IndexPage IndexPage--Hide"
  >
    <div
      class="Header"
    >
      <h1
        class="Header__Title"
      >
        TestSite
      </h1>
      <button
        class="Header__Times"
      >
        <svg
          fill="none"
          height="20"
          viewBox="0 0 24 24"
          width="20"
          xmlns="http://www.w3.org/2000/svg"
        >
          <g
            opacity="0.8"
          >
            <path
              clip-rule="evenodd"
              d="M17.7071 7.70706L7.70712 17.7071L6.29291 16.2928L16.2929 6.29285L17.7071 7.70706Z"
              fill="black"
              fill-rule="evenodd"
            />
            <path
              clip-rule="evenodd"
              d="M16.2929 17.7071L6.29291 7.70706L7.70712 6.29285L17.7071 16.2928L16.2929 17.7071Z"
              fill="black"
              fill-rule="evenodd"
            />
          </g>
        </svg>
      </button>
    </div>
    <div
      class="SummaryBlock CartItem"
    >
      <div
        class="CartItem__ImageDescriptionWrapper"
      >
        <div
          class="CartItem__ProductImageWrapper"
        >
          <div
            class="stx-image"
          >
            <div
              class="stx-image--content"
            >
              <div
                class="stx-image--holder"
              >
                <img
                  alt="Test title"
                  class="stx-image--image"
                  src=""
                  title="Test title"
                />
              </div>
            </div>
          </div>
        </div>
        <div
          class="CartItem__ProductDetails"
        >
          <div
            class="stx-details stx-details--left"
          >
            <div
              class="stx-details__title"
            >
              Test title
            </div>
            <div
              class="stx-details__description"
            />
          </div>
        </div>
      </div>
      <div
        class="CartItem__QuantityPriceWrapper"
      >
        <div
          class="CartItem__ProductQuantityWrapper"
        >
          <div
            class="ProductQuantity"
          >
            1
          </div>
        </div>
        <div
          class="CartItem__ProductPrice"
        >
          <div
            class="stx-price stx-price--alight-center"
          >
            <p
              aria-label="Product price"
              class="stx-price__amount"
            >
              CA$14.00
            </p>
          </div>
        </div>
      </div>
    </div>
    <div
      class="SummaryBlock CartItem"
    >
      <div
        class="CartItem__ImageDescriptionWrapper"
      >
        <div
          class="CartItem__ProductImageWrapper"
        >
          <div
            class="stx-image"
          >
            <div
              class="stx-image--content"
            >
              <div
                class="stx-image--holder"
              >
                <img
                  alt="Test title 2, Revenge of the title"
                  class="stx-image--image"
                  src=""
                  title="Test title 2, Revenge of the title"
                />
              </div>
            </div>
          </div>
        </div>
        <div
          class="CartItem__ProductDetails"
        >
          <div
            class="stx-details stx-details--left"
          >
            <div
              class="stx-details__title"
            >
              Test title 2, Revenge of the title
            </div>
            <div
              class="stx-details__description"
            />
          </div>
        </div>
      </div>
      <div
        class="CartItem__QuantityPriceWrapper"
      >
        <div
          class="CartItem__ProductQuantityWrapper"
        >
          <div
            class="ProductQuantity"
          >
            2
          </div>
        </div>
        <div
          class="CartItem__ProductPrice"
        >
          <div
            class="stx-price stx-price--alight-center"
          >
            <p
              aria-label="Product price"
              class="stx-price__amount"
            >
              CA$32.00
            </p>
          </div>
        </div>
      </div>
    </div>
    <div
      class="SummaryBlock CartItem"
    >
      <div
        class="CartItem__ImageDescriptionWrapper"
      >
        <div
          class="CartItem__ProductImageWrapper"
        >
          <div
            class="stx-image"
          >
            <div
              class="stx-image--content"
            >
              <div
                class="stx-image--holder"
              >
                <img
                  alt="Test title 3, the search for more money"
                  class="stx-image--image"
                  src=""
                  title="Test title 3, the search for more money"
                />
              </div>
            </div>
          </div>
        </div>
        <div
          class="CartItem__ProductDetails"
        >
          <div
            class="stx-details stx-details--left"
          >
            <div
              class="stx-details__title"
            >
              Test title 3, the search for more money
            </div>
            <div
              class="stx-details__description"
            />
          </div>
        </div>
      </div>
      <div
        class="CartItem__QuantityPriceWrapper"
      >
        <div
          class="CartItem__ProductQuantityWrapper"
        >
          <div
            class="ProductQuantity"
          >
            3
          </div>
        </div>
        <div
          class="CartItem__ProductPrice"
        >
          <div
            class="stx-price stx-price--alight-center"
          >
            <p
              aria-label="Product price"
              class="stx-price__amount"
            >
              CA$123.00
            </p>
          </div>
        </div>
      </div>
    </div>
    <div
      class="Card"
    >
      <div
        class="Card__Title"
      >
        <button
          type="button"
        >
          Summary
        </button>
      </div>
      <div
        class="Card__Overview"
      >
        <div
          class="stx-price stx-price--alight-center"
        >
          <p
            aria-label="Product price"
            class="stx-price__amount"
          >
            CA$262.00
          </p>
        </div>
      </div>
      <div
        class="Card__Description"
      />
      <div
        class="Card__Action"
      />
      <div
        class="Card__Content"
      >
        <div />
      </div>
    </div>
    <div
      class="Card"
    >
      <div
        class="Card__Title"
      />
      <div
        class="Card__Overview"
      />
      <div
        class="Card__Description"
      >
        john.doe@email.com
      </div>
      <div
        class="Card__Action"
      >
        Not you?
      </div>
      <div
        class="Card__Content"
      >
        <div />
      </div>
    </div>
    <div
      class="Card"
    >
      <div
        class="Card__Title"
      >
        <button
          type="button"
        >
          Shipping
        </button>
      </div>
      <div
        class="Card__Overview"
      />
      <div
        class="Card__Description"
      >
        John Doe
      </div>
      <div
        class="Card__Action"
      />
      <div
        class="Card__Content"
      >
        <div>
          <div>
            123 Fake Street, 
            Winnipeg,
            Manitoba,
            R3T 1B8,
            Canada
          
          </div>
          <div
            class="card-shipping-content"
          >
            Standard - 
            <div
              class="stx-price stx-price--alight-center"
            >
              <p
                aria-label="Product price"
                class="stx-price__amount"
              >
                CA$10.00
              </p>
            </div>
          </div>
        </div>
      </div>
    </div>
    <div
      class="Card Card--Payment"
    >
      <div
        class="Card__Title"
      >
        <span>
          Payment
        </span>
      </div>
      <div
        class="Card__Overview"
      />
      <div
        class="Card__Description"
      />
      <div
        class="Card__Action"
      />
      <div
        class="Card__Content"
      >
        <div>
          <div>
            Billing address same as shipping address
          </div>
        </div>
      </div>
    </div>
    <div
      class="Payment"
    >
      <section
        class="hidden FieldSet FieldSet--PaymentMethod"
      >
        <div
          class="FieldSet__Content"
        >
          <iframe
            data-bold-pigi-iframe="true"
            src="test.url"
            title="payments"
          />
        </div>
        <div
          class="FieldSet__Content"
        >
          <div
            class="DiscountLink"
          >
            Discount code
          </div>
        </div>
        <div
          class="FieldSet__Content"
        >
          <section
            class="FieldSet FieldSet--BillingAddress"
          >
            <div
              class="FieldSet__Header"
            >
              <h3>
                Billing address
              </h3>
            </div>
            <div
              class="FieldSet__Content"
            >
              <div
                class="stx-field stx-checkbox-field__field RadioButton"
              >
                <div
                  class="stx-checkbox-field__div"
                >
                  <span
                    class="stx-checkbox stx-checkbox--is-checked stx-checkbox-field__checkbox"
                  >
                    <input
                      checked=""
                      class="stx-checkbox__input"
                      id="stxField1"
                      name="billing-address"
                      type="checkbox"
                      value="SAME_AS_SHIPPING_ADDRESS"
                    />
                    <span
                      class="stx-checkbox__mount"
                    />
                  </span>
                  <label
                    class="stx-checkbox-field__label"
                    for="stxField1"
                  >
                    Same as shipping address
                  </label>
                </div>
              </div>
            </div>
          </section>
        </div>
      </section>
    </div>
    <div
      class="CheckoutButton__Container"
    >
      <button
        aria-busy="false"
        aria-disabled="false"
        class="stx-button CheckoutButton"
      >
        <span
          class="stx-button__text"
        >
          Complete Order
        </span>
        <span
          class="stx-loading-spinner stx-button__spinner"
        />
      </button>
    </div>
  </div>
</DocumentFragment>
`;
