// Jest Snapshot v1, https://goo.gl/fbAQLP

exports[`ArrowRight renders ArrowRight icon 1`] = `
<DocumentFragment>
  <svg
    fill="none"
    height="24"
    viewBox="0 0 24 24"
    width="24"
    xmlns="http://www.w3.org/2000/svg"
  >
    <g
      opacity="0.8"
    >
      <path
        clip-rule="evenodd"
        d="M14.7471 4.33289L22.4142 12L14.7471 19.6671L13.3329 18.2529L19.5858 12L13.3329 5.7471L14.7471 4.33289Z"
        fill="rgba(0, 0, 0, 0.65)"
        fill-rule="evenodd"
      />
      <path
        clip-rule="evenodd"
        d="M3 11H21V13H3V11Z"
        fill="rgba(0, 0, 0, 0.65)"
        fill-rule="evenodd"
      />
    </g>
  </svg>
</DocumentFragment>
`;
