// Jest Snapshot v1, https://goo.gl/fbAQLP

exports[`Discount renders Discount component closed 1`] = `
<DocumentFragment>
  <div
    class="DiscountLink"
  >
    <button
      aria-label="add discount code"
    >
      Discount code
    </button>
  </div>
</DocumentFragment>
`;

exports[`Discount renders Discount component opened 1`] = `
<DocumentFragment>
  <div
    class="DiscountLink"
  >
    <button
      aria-label="add discount code"
    >
      Discount code
    </button>
  </div>
</DocumentFragment>
`;

exports[`Discount renders Discount component opened 2`] = `
<DocumentFragment>
  <div
    class="DiscountLink"
  >
    <button
      aria-label="add discount code"
    >
      Discount code
    </button>
  </div>
</DocumentFragment>
`;
