// Jest Snapshot v1, https://goo.gl/fbAQLP

exports[`OneClickLayout renders OneClickLayout component 1`] = `
<DocumentFragment>
  <div
    class="Checkout__Main"
  >
    <div
      class="Checkout__Form"
      style="overflow-y: hidden;"
    >
      <div
        class="FieldSet--LoadingState"
      >
        <span
          class="stx-loading-spinner"
        />
      </div>
    </div>
  </div>
</DocumentFragment>
`;
