// Jest Snapshot v1, https://goo.gl/fbAQLP

exports[`Times renders Times icon 1`] = `
<DocumentFragment>
  <svg
    aria-labelledby="button"
    fill="none"
    height="20"
    viewBox="0 0 24 24"
    width="20"
    xmlns="http://www.w3.org/2000/svg"
  >
    <g
      opacity="0.8"
    >
      <path
        clip-rule="evenodd"
        d="M17.7071 7.70706L7.70712 17.7071L6.29291 16.2928L16.2929 6.29285L17.7071 7.70706Z"
        fill="black"
        fill-rule="evenodd"
      />
      <path
        clip-rule="evenodd"
        d="M16.2929 17.7071L6.29291 7.70706L7.70712 6.29285L17.7071 16.2928L16.2929 17.7071Z"
        fill="black"
        fill-rule="evenodd"
      />
    </g>
  </svg>
</DocumentFragment>
`;
