// Jest Snapshot v1, https://goo.gl/fbAQLP

exports[`OrderSummary renders OrderSummary component 1`] = `
<DocumentFragment>
  <button
    aria-controls="OrderSummary"
    class="CollapseButton"
    type="button"
  >
    <span
      class="CollapseButton__title"
    >
      <svg
        fill="none"
        height="13"
        viewBox="0 0 17 13"
        width="17"
        xmlns="http://www.w3.org/2000/svg"
      >
        <path
          d="M15.2153 11.9455C15.5183 12.338 16.0448 12.3778 16.3912 12.0344C16.7375 11.6909 16.7727 11.0942 16.4696 10.7017L8.96544 0.711341C8.63343 0.281291 8.04315 0.281276 7.71113 0.711309L0.206129 10.7016C-0.0969428 11.0942 -0.0618533 11.6908 0.284508 12.0343C0.630869 12.3778 1.15734 12.338 1.46041 11.9455L8.33824 2.76748L15.2153 11.9455Z"
          fill="#A1A1A1"
        />
      </svg>
      View order summary
    </span>
    <span
      class="CollapseButton__description"
    >
      (6 items)
      <div
        class="stx-price stx-price--alight-center"
      >
        <p
          aria-label="Product price"
          class="stx-price__amount"
        >
          $32.40
        </p>
      </div>
    </span>
  </button>
  <div
    class="OrderSummary"
    id="OrderSummary"
  >
    <section
      class="FieldSet FieldSet--OrderSummary"
    >
      <div
        class="FieldSet__Header"
      >
        <h3
          class="FieldSet__Heading"
        >
          Order Summary
        </h3>
      </div>
      <div
        class="FieldSet__Content"
      >
        <div
          class="LineItemList"
        >
          <div
            class="LineItem"
          >
            <div
              class="LineItem__ImageDescriptionWrapper"
            >
              <div
                class="LineItem__ProductImageWrapper"
              >
                <div
                  class="stx-image"
                >
                  <div
                    class="stx-image--content"
                  >
                    <div
                      class="stx-image--holder"
                    >
                      <img
                        alt="Size Large / Colour Blue"
                        class="stx-image--image"
                        src=""
                        title="Size Large / Colour Blue"
                      />
                    </div>
                  </div>
                </div>
              </div>
              <div
                class="LineItem__ProductDetails"
              >
                <div
                  class="stx-details stx-details--left"
                >
                  <div
                    class="stx-details__title"
                  >
                    Size Large / Colour Blue
                  </div>
                  <div
                    class="stx-details__description"
                  />
                </div>
                <button
                  aria-busy="false"
                  aria-disabled="false"
                  class="stx-button stx-button--secondary"
                >
                  <span
                    class="stx-button__text"
                  >
                    Remove
                  </span>
                  <span
                    class="stx-loading-spinner stx-button__spinner"
                  />
                </button>
              </div>
            </div>
            <div
              class="LineItem__QuantityPriceWrapper"
            >
              <div
                class="LineItem__LineItemQuantityWrapper"
              >
                <div
                  class="LineItemQuantity__Decrement"
                >
                  <button
                    aria-busy="false"
                    aria-disabled="true"
                    class="stx-button stx-button--is-disabled"
                    disabled=""
                  >
                    <span
                      class="stx-button__text"
                    >
                      -
                    </span>
                    <span
                      class="stx-loading-spinner stx-button__spinner"
                    />
                  </button>
                </div>
                <div
                  class="LineItemQuantity"
                >
                  <div
                    class="stx-input"
                  >
                    <input
                      aria-readonly="false"
                      class="stx-input__input-element"
                      type="number"
                      value="1"
                    />
                  </div>
                </div>
                <div
                  class="LineItemQuantity__Increment"
                >
                  <button
                    aria-busy="false"
                    aria-disabled="false"
                    class="stx-button"
                  >
                    <span
                      class="stx-button__text"
                    >
                      +
                    </span>
                    <span
                      class="stx-loading-spinner stx-button__spinner"
                    />
                  </button>
                </div>
              </div>
              <div
                class="LineItem__ProductPrice"
              >
                <div
                  class="stx-price stx-price--alight-center"
                >
                  <p
                    aria-label="Product price"
                    class="stx-price__amount"
                  >
                    $14.00
                  </p>
                </div>
              </div>
            </div>
          </div>
          <div
            class="LineItem"
          >
            <div
              class="LineItem__ImageDescriptionWrapper"
            >
              <div
                class="LineItem__ProductImageWrapper"
              >
                <div
                  class="stx-image"
                >
                  <div
                    class="stx-image--content"
                  >
                    <div
                      class="stx-image--holder"
                    >
                      <img
                        alt="Number Two"
                        class="stx-image--image"
                        src=""
                        title="Number Two"
                      />
                    </div>
                  </div>
                </div>
              </div>
              <div
                class="LineItem__ProductDetails"
              >
                <div
                  class="stx-details stx-details--left"
                >
                  <div
                    class="stx-details__title"
                  >
                    Number Two
                  </div>
                  <div
                    class="stx-details__description"
                  />
                </div>
                <button
                  aria-busy="false"
                  aria-disabled="false"
                  class="stx-button stx-button--secondary"
                >
                  <span
                    class="stx-button__text"
                  >
                    Remove
                  </span>
                  <span
                    class="stx-loading-spinner stx-button__spinner"
                  />
                </button>
              </div>
            </div>
            <div
              class="LineItem__QuantityPriceWrapper"
            >
              <div
                class="LineItem__LineItemQuantityWrapper"
              >
                <div
                  class="LineItemQuantity__Decrement"
                >
                  <button
                    aria-busy="false"
                    aria-disabled="false"
                    class="stx-button"
                  >
                    <span
                      class="stx-button__text"
                    >
                      -
                    </span>
                    <span
                      class="stx-loading-spinner stx-button__spinner"
                    />
                  </button>
                </div>
                <div
                  class="LineItemQuantity"
                >
                  <div
                    class="stx-input"
                  >
                    <input
                      aria-readonly="false"
                      class="stx-input__input-element"
                      type="number"
                      value="2"
                    />
                  </div>
                </div>
                <div
                  class="LineItemQuantity__Increment"
                >
                  <button
                    aria-busy="false"
                    aria-disabled="false"
                    class="stx-button"
                  >
                    <span
                      class="stx-button__text"
                    >
                      +
                    </span>
                    <span
                      class="stx-loading-spinner stx-button__spinner"
                    />
                  </button>
                </div>
              </div>
              <div
                class="LineItem__ProductPrice"
              >
                <div
                  class="stx-price stx-price--alight-center"
                >
                  <p
                    aria-label="Product price"
                    class="stx-price__amount"
                  >
                    $32.00
                  </p>
                </div>
              </div>
            </div>
          </div>
          <div
            class="LineItem"
          >
            <div
              class="LineItem__ImageDescriptionWrapper"
            >
              <div
                class="LineItem__ProductImageWrapper"
              >
                <div
                  class="stx-image"
                >
                  <div
                    class="stx-image--content"
                  >
                    <div
                      class="stx-image--holder"
                    >
                      <img
                        alt="Default Title"
                        class="stx-image--image"
                        src=""
                        title="Default Title"
                      />
                    </div>
                  </div>
                </div>
              </div>
              <div
                class="LineItem__ProductDetails"
              >
                <div
                  class="stx-details stx-details--left"
                >
                  <div
                    class="stx-details__title"
                  >
                    Default Title
                  </div>
                  <div
                    class="stx-details__description"
                  />
                </div>
                <button
                  aria-busy="false"
                  aria-disabled="false"
                  class="stx-button stx-button--secondary"
                >
                  <span
                    class="stx-button__text"
                  >
                    Remove
                  </span>
                  <span
                    class="stx-loading-spinner stx-button__spinner"
                  />
                </button>
              </div>
            </div>
            <div
              class="LineItem__QuantityPriceWrapper"
            >
              <div
                class="LineItem__LineItemQuantityWrapper"
              >
                <div
                  class="LineItemQuantity__Decrement"
                >
                  <button
                    aria-busy="false"
                    aria-disabled="false"
                    class="stx-button"
                  >
                    <span
                      class="stx-button__text"
                    >
                      -
                    </span>
                    <span
                      class="stx-loading-spinner stx-button__spinner"
                    />
                  </button>
                </div>
                <div
                  class="LineItemQuantity"
                >
                  <div
                    class="stx-input"
                  >
                    <input
                      aria-readonly="false"
                      class="stx-input__input-element"
                      type="number"
                      value="3"
                    />
                  </div>
                </div>
                <div
                  class="LineItemQuantity__Increment"
                >
                  <button
                    aria-busy="false"
                    aria-disabled="false"
                    class="stx-button"
                  >
                    <span
                      class="stx-button__text"
                    >
                      +
                    </span>
                    <span
                      class="stx-loading-spinner stx-button__spinner"
                    />
                  </button>
                </div>
              </div>
              <div
                class="LineItem__ProductPrice"
              >
                <div
                  class="stx-price stx-price--alight-center"
                >
                  <p
                    aria-label="Product price"
                    class="stx-price__amount"
                  >
                    $123.00
                  </p>
                </div>
              </div>
            </div>
          </div>
        </div>
        <div
          class="SummaryBlock Summary__DiscountForm"
        >
          <div
            class="DiscountForm"
          >
            <div
              class="stx-field stx-field--is-disabled stx-field--with-input"
            >
              <div
                class="stx-input stx-input--is-disabled"
              >
                <input
                  aria-disabled="true"
                  class="stx-input__input-element"
                  disabled=""
                  id="stxField1"
                  placeholder="Enter discount code"
                  type="text"
                  value="Test"
                />
              </div>
            </div>
            <button
              aria-busy="false"
              aria-disabled="true"
              class="stx-button stx-button--primary stx-button--is-disabled"
              disabled=""
            >
              <span
                class="stx-button__text"
              >
                Apply
              </span>
              <span
                class="stx-loading-spinner stx-button__spinner"
              />
            </button>
          </div>
        </div>
        <div
          class="OrderSummary__Breakdown"
        >
          <div
            class="Breakdown__Section"
          >
            <div
              class="OrderSummaryItem"
            >
              <span
                class="OrderSummaryItem__Title"
              >
                Subtotal
              </span>
              <span
                class="OrderSummaryItem__Amount"
              >
                (
                <div
                  class="stx-price stx-price--alight-center"
                >
                  <p
                    aria-label="Product price"
                    class="stx-price__amount"
                  >
                    $19.19
                  </p>
                </div>
                )
              </span>
            </div>
            <div
              class="OrderSummaryItem OrderSummaryItem--removable"
            >
              <span
                class="OrderSummaryItem__Title"
              >
                Discount
              </span>
              <div
                class="OrderSummaryItem__Description"
              >
                <button
                  class="OrderSummaryItem__Action"
                  type="button"
                >
                  <svg
                    fill="none"
                    height="12"
                    viewBox="0 0 13 12"
                    width="13"
                    xmlns="http://www.w3.org/2000/svg"
                  >
                    <path
                      clip-rule="evenodd"
                      d="M6.14551 12C9.45922 12 12.1455 9.31371 12.1455 6C12.1455 2.68629 9.45922 0 6.14551 0C2.8318 0 0.145508 2.68629 0.145508 6C0.145508 9.31371 2.8318 12 6.14551 12ZM9.30831 2.80811C9.50357 3.00338 9.50357 3.31996 9.30831 3.51522L6.83789 5.98564L9.32005 8.4678C9.51531 8.66306 9.51531 8.97964 9.32005 9.17491C9.12479 9.37017 8.80821 9.37017 8.61294 9.17491L6.13078 6.69275L3.65707 9.16646C3.4618 9.36172 3.14522 9.36172 2.94996 9.16646C2.7547 8.9712 2.7547 8.65462 2.94996 8.45936L5.42368 5.98564L2.95104 3.513C2.75577 3.31774 2.75577 3.00116 2.95104 2.80589C3.1463 2.61063 3.46288 2.61063 3.65814 2.80589L6.13078 5.27853L8.6012 2.80811C8.79646 2.61285 9.11305 2.61285 9.30831 2.80811Z"
                      fill="#666666"
                      fill-rule="evenodd"
                    />
                  </svg>
                </button>
                <span
                  class="OrderSummaryItem__Label"
                >
                  Discount code: Test
                </span>
                <span
                  class="OrderSummaryItem__Amount"
                >
                  (
                  <div
                    class="stx-price stx-price--alight-center"
                  >
                    <p
                      aria-label="Product price"
                      class="stx-price__amount"
                    >
                      -$1.23
                    </p>
                  </div>
                  )
                </span>
              </div>
            </div>
            <div
              class="OrderSummaryItem"
            >
              <span
                class="OrderSummaryItem__Title"
              >
                Shipping
              </span>
              <span
                class="OrderSummaryItem__Amount"
              >
                (
                <div
                  class="stx-price stx-price--alight-center"
                >
                  <p
                    aria-label="Product price"
                    class="stx-price__amount"
                  >
                    $2.10
                  </p>
                </div>
                )
              </span>
            </div>
            <div
              class="OrderSummaryItem"
            >
              <span
                class="OrderSummaryItem__Title"
              >
                Taxes
              </span>
              <span
                class="OrderSummaryItem__Amount"
              >
                (
                <div
                  class="stx-price stx-price--alight-center"
                >
                  <p
                    aria-label="Product price"
                    class="stx-price__amount"
                  >
                    $11.11
                  </p>
                </div>
                )
              </span>
            </div>
          </div>
          <div
            class="Breakdown__Section Breakdown__Section--Total"
          >
            <div
              class="OrderSummaryItem"
            >
              <span
                class="OrderSummaryItem__Title"
              >
                Total
              </span>
              <span
                class="OrderSummaryItem__Amount"
              >
                (
                <div
                  class="stx-price stx-price--alight-center"
                >
                  <p
                    aria-label="Product price"
                    class="stx-price__amount"
                  >
                    $32.40
                  </p>
                </div>
                )
              </span>
            </div>
          </div>
          <div
            class="Breakdown__Section"
          >
            <div
              class="OrderSummaryItem OrderSummaryItem--removable"
            >
              <span
                class="OrderSummaryItem__Title"
              >
                Payments
              </span>
              <div
                class="OrderSummaryItem__Description"
              >
                <span
                  class="OrderSummaryItem__Label"
                >
                  <span
                    class="RedactedCard"
                  >
                    <span
                      class="RedactedCard__Brand"
                    >
                      visa
                    </span>
                    <span
                      class="RedactedCard__Number"
                    >
                       •••• •••• •••• test card
                    </span>
                  </span>
                </span>
                <span
                  class="OrderSummaryItem__Amount"
                >
                  (
                  <div
                    class="stx-price stx-price--alight-center"
                  >
                    <p
                      aria-label="Product price"
                      class="stx-price__amount"
                    >
                      $1.00
                    </p>
                  </div>
                  )
                </span>
              </div>
            </div>
          </div>
        </div>
      </div>
    </section>
  </div>
</DocumentFragment>
`;
